// Jest Snapshot v1, https://goo.gl/fbAQLP

exports[`Calendar component renders correctly to match snapshot 1`] = `
<DocumentFragment>
  <main
    class="h-[calc(100lvh-48px)] p-5"
  >
    <nav
      class="flex justify-center px-10 items-center my-5 w-full"
    >
      <button
        class="font-bold cursor-pointer disabled:opacity-50"
        value="-1"
      >
        <span
          class="sr-only"
        >
          previous
        </span>
        <svg
          class="h-4 w-4 fill-[#0a0a0a] dark:fill-[#fff] rotate-180"
          height="200px"
          viewBox="0 0 32 32"
          width="200px"
        >
          <g
            stroke-width="0"
          />
          <g
            stroke-linecap="round"
            stroke-linejoin="round"
          />
          <g>
            <g>
              <path
                d="M12.5,28c-1,0-1.8-0.4-2.5-1c-1.4-1.4-1.4-3.6,0-5l5.7-5.8c0.1-0.1,0.1-0.2,0-0.3L10,10.1c-1.4-1.4-1.4-3.6,0-5 c0.7-0.7,1.6-1,2.5-1c0,0,0,0,0,0c1,0,1.8,0.4,2.5,1l9.3,9.4c0.9,0.9,0.9,2.3,0,3.1l-9.3,9.4C14.4,27.6,13.5,28,12.5,28 C12.5,28,12.5,28,12.5,28z"
              />
               
            </g>
          </g>
        </svg>
      </button>
      <h1
        class="text-3xl font-bold font-kanit italics text-transparent bg-clip-text bg-linear-to-tr from-blue-400 to-blue-600 py-2 mx-10 w-50 text-center"
        style="opacity: 0; transform: translateX(20px);"
      >
        2025
      </h1>
      <button
        class="font-bold cursor-pointer disabled:opacity-50"
        value="1"
      >
        <span
          class="sr-only"
        >
          next
        </span>
        <svg
          class="h-4 w-4 fill-[#0a0a0a] dark:fill-[#fff] "
          height="200px"
          viewBox="0 0 32 32"
          width="200px"
        >
          <g
            stroke-width="0"
          />
          <g
            stroke-linecap="round"
            stroke-linejoin="round"
          />
          <g>
            <g>
              <path
                d="M12.5,28c-1,0-1.8-0.4-2.5-1c-1.4-1.4-1.4-3.6,0-5l5.7-5.8c0.1-0.1,0.1-0.2,0-0.3L10,10.1c-1.4-1.4-1.4-3.6,0-5 c0.7-0.7,1.6-1,2.5-1c0,0,0,0,0,0c1,0,1.8,0.4,2.5,1l9.3,9.4c0.9,0.9,0.9,2.3,0,3.1l-9.3,9.4C14.4,27.6,13.5,28,12.5,28 C12.5,28,12.5,28,12.5,28z"
              />
               
            </g>
          </g>
        </svg>
      </button>
    </nav>
    <div
      class="flex justify-center h-3/4 w-full"
    >
      <div
        style="opacity: 0; transform: translateX(20px);"
      >
        <div
          data-testid="mock-year"
        >
          mock year
        </div>
      </div>
    </div>
  </main>
</DocumentFragment>
`;
