// Jest Snapshot v1, https://goo.gl/fbAQLP

exports[`Month component renders correctly to match snapshot 1`] = `
<DocumentFragment>
  <div
    class="flex flex-col mb-2 md:mb-0"
  >
    <h3
      class="text-center font-bold font-quicksand text-md md:text-sm select-none dark:text-gray-100"
    >
      FEB
    </h3>
    <div
      class="grid grid-cols-7 gap-2 my-3 font-quicksand"
    >
      <span
        class="text-md md:text-xs font-bold select-none dark:text-gray-200 text-center"
      >
        S
      </span>
      <span
        class="text-md md:text-xs font-bold select-none dark:text-gray-200 text-center"
      >
        M
      </span>
      <span
        class="text-md md:text-xs font-bold select-none dark:text-gray-200 text-center"
      >
        T
      </span>
      <span
        class="text-md md:text-xs font-bold select-none dark:text-gray-200 text-center"
      >
        W
      </span>
      <span
        class="text-md md:text-xs font-bold select-none dark:text-gray-200 text-center"
      >
        T
      </span>
      <span
        class="text-md md:text-xs font-bold select-none dark:text-gray-200 text-center"
      >
        F
      </span>
      <span
        class="text-md md:text-xs font-bold select-none dark:text-gray-200 text-center"
      >
        S
      </span>
      <div
        role="presentation"
        style="grid-column: span 3;"
      />
      <div
        class="font-quicksand text-center"
      >
        <div
          data-testid="mock-date"
        >
          Date for: 2025-2-1
        </div>
      </div>
      <div
        class="font-quicksand text-center"
      >
        <div
          data-testid="mock-date"
        >
          Date for: 2025-2-2
        </div>
      </div>
      <div
        class="font-quicksand text-center"
      >
        <div
          data-testid="mock-date"
        >
          Date for: 2025-2-3
        </div>
      </div>
      <div
        class="font-quicksand text-center"
      >
        <div
          data-testid="mock-date"
        >
          Date for: 2025-2-4
        </div>
      </div>
      <div
        class="font-quicksand text-center"
      >
        <div
          data-testid="mock-date"
        >
          Date for: 2025-2-5
        </div>
      </div>
      <div
        class="font-quicksand text-center"
      >
        <div
          data-testid="mock-date"
        >
          Date for: 2025-2-6
        </div>
      </div>
      <div
        class="font-quicksand text-center"
      >
        <div
          data-testid="mock-date"
        >
          Date for: 2025-2-7
        </div>
      </div>
      <div
        class="font-quicksand text-center"
      >
        <div
          data-testid="mock-date"
        >
          Date for: 2025-2-8
        </div>
      </div>
      <div
        class="font-quicksand text-center"
      >
        <div
          data-testid="mock-date"
        >
          Date for: 2025-2-9
        </div>
      </div>
      <div
        class="font-quicksand text-center"
      >
        <div
          data-testid="mock-date"
        >
          Date for: 2025-2-10
        </div>
      </div>
      <div
        class="font-quicksand text-center"
      >
        <div
          data-testid="mock-date"
        >
          Date for: 2025-2-11
        </div>
      </div>
      <div
        class="font-quicksand text-center"
      >
        <div
          data-testid="mock-date"
        >
          Date for: 2025-2-12
        </div>
      </div>
      <div
        class="font-quicksand text-center"
      >
        <div
          data-testid="mock-date"
        >
          Date for: 2025-2-13
        </div>
      </div>
      <div
        class="font-quicksand text-center"
      >
        <div
          data-testid="mock-date"
        >
          Date for: 2025-2-14
        </div>
      </div>
      <div
        class="font-quicksand text-center"
      >
        <div
          data-testid="mock-date"
        >
          Date for: 2025-2-15
        </div>
      </div>
      <div
        class="font-quicksand text-center"
      >
        <div
          data-testid="mock-date"
        >
          Date for: 2025-2-16
        </div>
      </div>
      <div
        class="font-quicksand text-center"
      >
        <div
          data-testid="mock-date"
        >
          Date for: 2025-2-17
        </div>
      </div>
      <div
        class="font-quicksand text-center"
      >
        <div
          data-testid="mock-date"
        >
          Date for: 2025-2-18
        </div>
      </div>
      <div
        class="font-quicksand text-center"
      >
        <div
          data-testid="mock-date"
        >
          Date for: 2025-2-19
        </div>
      </div>
      <div
        class="font-quicksand text-center"
      >
        <div
          data-testid="mock-date"
        >
          Date for: 2025-2-20
        </div>
      </div>
      <div
        class="font-quicksand text-center"
      >
        <div
          data-testid="mock-date"
        >
          Date for: 2025-2-21
        </div>
      </div>
      <div
        class="font-quicksand text-center"
      >
        <div
          data-testid="mock-date"
        >
          Date for: 2025-2-22
        </div>
      </div>
      <div
        class="font-quicksand text-center"
      >
        <div
          data-testid="mock-date"
        >
          Date for: 2025-2-23
        </div>
      </div>
      <div
        class="font-quicksand text-center"
      >
        <div
          data-testid="mock-date"
        >
          Date for: 2025-2-24
        </div>
      </div>
      <div
        class="font-quicksand text-center"
      >
        <div
          data-testid="mock-date"
        >
          Date for: 2025-2-25
        </div>
      </div>
      <div
        class="font-quicksand text-center"
      >
        <div
          data-testid="mock-date"
        >
          Date for: 2025-2-26
        </div>
      </div>
      <div
        class="font-quicksand text-center"
      >
        <div
          data-testid="mock-date"
        >
          Date for: 2025-2-27
        </div>
      </div>
      <div
        class="font-quicksand text-center"
      >
        <div
          data-testid="mock-date"
        >
          Date for: 2025-2-28
        </div>
      </div>
    </div>
  </div>
</DocumentFragment>
`;
