// Jest Snapshot v1, https://goo.gl/fbAQLP

exports[`ThemeToggle component renders correctly to match snapshot 1`] = `
<DocumentFragment>
  <div
    class="flex items-center ml-3"
  >
    <button
      class="cursor-pointer"
    >
      <svg
        class="h-3/4 w-3/4"
        data-testid="dark-mode-icon"
        fill="#00035B"
        height="34px"
        viewBox="0 -960 960 960"
        width="34px"
        xmlns="http://www.w3.org/2000/svg"
      >
        <path
          d="M480-120q-150 0-255-105T120-480q0-150 105-255t255-105q14 0 27.5 1t26.5 3q-41 29-65.5 75.5T444-660q0 90 63 153t153 63q55 0 101-24.5t75-65.5q2 13 3 26.5t1 27.5q0 150-105 255T480-120Z"
        />
      </svg>
    </button>
  </div>
</DocumentFragment>
`;
